// Jest Snapshot v1, https://goo.gl/fbAQLP

exports[`ExamplePage Render 1`] = `
<div
  className="example-page-grid"
>
  <Component
    showAuthor={true}
  />
</div>
`;
